python :   File "<frozen runpy>", line 198, in 
_run_module_as_main
Au caractère Ligne:1 : 1
+ python -m uvicorn app.main:app --host 0.0.0.0 --port 8000 > 
error_log ...
+ ~~~~~~~~~~~~~~~~~~~~~~~~~~~~~~~~~~~~~~~~~~~~~~~~~~~~~~~~~~~~~
~~~~~~~~
    + CategoryInfo          : NotSpecified: (  File "<frozen.. 
   ._module_as_main:String) [], RemoteException
    + FullyQualifiedErrorId : NativeCommandError
 
  File "<frozen runpy>", line 88, in _run_code
  File "C:\Python312\Lib\site-packages\uvicorn\__main__.py", 
line 4, in <module>
    uvicorn.main()
  File "C:\Python312\Lib\site-packages\click\core.py", line 
1485, in __call__
    return self.main(*args, **kwargs)
  File "C:\Python312\Lib\site-packages\click\core.py", line 
1406, in main
    rv = self.invoke(ctx)
  File "C:\Python312\Lib\site-packages\click\core.py", line 
1269, in invoke
    return ctx.invoke(self.callback, **ctx.params)
  File "C:\Python312\Lib\site-packages\click\core.py", line 
824, in invoke
    return callback(*args, **kwargs)
  File "C:\Python312\Lib\site-packages\uvicorn\main.py", line 
423, in main
    run(
  File "C:\Python312\Lib\site-packages\uvicorn\main.py", line 
593, in run
    server.run()
  File "C:\Python312\Lib\site-packages\uvicorn\server.py", 
line 67, in run
    return asyncio_run(self.serve(sockets=sockets), 
loop_factory=self.config.get_loop_factory())
  File "C:\Python312\Lib\asyncio\runners.py", line 194, in run
    return runner.run(main)
  File "C:\Python312\Lib\asyncio\runners.py", line 118, in run
    return self._loop.run_until_complete(task)
  File "C:\Python312\Lib\asyncio\base_events.py", line 674, in 
run_until_complete
    self.run_forever()
  File "C:\Python312\Lib\asyncio\windows_events.py", line 322, 
in run_forever
    super().run_forever()
  File "C:\Python312\Lib\asyncio\base_events.py", line 641, in 
run_forever
    self._run_once()
  File "C:\Python312\Lib\asyncio\base_events.py", line 1987, 
in _run_once
    handle._run()
  File "C:\Python312\Lib\asyncio\events.py", line 88, in _run
    self._context.run(self._callback, *self._args)
  File "C:\Python312\Lib\site-packages\uvicorn\server.py", 
line 71, in serve
    await self._serve(sockets)
  File "C:\Python312\Lib\site-packages\uvicorn\server.py", 
line 78, in _serve
    config.load()
  File "C:\Python312\Lib\site-packages\uvicorn\config.py", 
line 439, in load
    self.loaded_app = import_from_string(self.app)
  File "C:\Python312\Lib\site-packages\uvicorn\importer.py", 
line 19, in import_from_string
    module = importlib.import_module(module_str)
  File "C:\Python312\Lib\importlib\__init__.py", line 90, in 
import_module
    return _bootstrap._gcd_import(name[level:], package, level)
  File "<frozen importlib._bootstrap>", line 1387, in 
_gcd_import
  File "<frozen importlib._bootstrap>", line 1360, in 
_find_and_load
  File "<frozen importlib._bootstrap>", line 1331, in 
_find_and_load_unlocked
  File "<frozen importlib._bootstrap>", line 935, in 
_load_unlocked
  File "<frozen importlib._bootstrap_external>", line 995, in 
exec_module
  File "<frozen importlib._bootstrap>", line 488, in 
_call_with_frames_removed
  File "C:\Users\user\Desktop\Tinsur.AI\backend\app\main.py", 
line 22, in <module>
    from app.core.database import Base, engine
  File "<frozen importlib._bootstrap>", line 1360, in 
_find_and_load
  File "<frozen importlib._bootstrap>", line 1331, in 
_find_and_load_unlocked
  File "<frozen importlib._bootstrap>", line 935, in 
_load_unlocked
  File "<frozen importlib._bootstrap_external>", line 995, in 
exec_module
  File "<frozen importlib._bootstrap>", line 488, in 
_call_with_frames_removed
  File "C:\Users\user\Desktop\Tinsur.AI\backend\app\core\databa
se.py", line 17, in <module>
    traceback.print_stack()
C:\Python312\Lib\site-packages\pydantic\_internal\_config.py:38
3: UserWarning: Valid config keys have changed in V2:
* 'orm_mode' has been renamed to 'from_attributes'
  warnings.warn(message, UserWarning)
C:\Python312\Lib\site-packages\pydantic\_internal\_config.py:38
3: UserWarning: Valid config keys have changed in V2:
* 'orm_mode' has been renamed to 'from_attributes'
  warnings.warn(message, UserWarning)
Traceback (most recent call last):
  File "<frozen runpy>", line 198, in _run_module_as_main
  File "<frozen runpy>", line 88, in _run_code
  File "C:\Python312\Lib\site-packages\uvicorn\__main__.py", 
line 4, in <module>
    uvicorn.main()
  File "C:\Python312\Lib\site-packages\click\core.py", line 
1485, in __call__
    return self.main(*args, **kwargs)
           ^^^^^^^^^^^^^^^^^^^^^^^^^^
  File "C:\Python312\Lib\site-packages\click\core.py", line 
1406, in main
    rv = self.invoke(ctx)
         ^^^^^^^^^^^^^^^^
  File "C:\Python312\Lib\site-packages\click\core.py", line 
1269, in invoke
    return ctx.invoke(self.callback, **ctx.params)
           ^^^^^^^^^^^^^^^^^^^^^^^^^^^^^^^^^^^^^^^
  File "C:\Python312\Lib\site-packages\click\core.py", line 
824, in invoke
    return callback(*args, **kwargs)
           ^^^^^^^^^^^^^^^^^^^^^^^^^
  File "C:\Python312\Lib\site-packages\uvicorn\main.py", line 
423, in main
    run(
  File "C:\Python312\Lib\site-packages\uvicorn\main.py", line 
593, in run
    server.run()
  File "C:\Python312\Lib\site-packages\uvicorn\server.py", 
line 67, in run
    return asyncio_run(self.serve(sockets=sockets), 
loop_factory=self.config.get_loop_factory())
           ^^^^^^^^^^^^^^^^^^^^^^^^^^^^^^^^^^^^^^^^^^^^^^^^^^^^
^^^^^^^^^^^^^^^^^^^^^^^^^^^^^^^^^
  File "C:\Python312\Lib\asyncio\runners.py", line 194, in run
    return runner.run(main)
           ^^^^^^^^^^^^^^^^
  File "C:\Python312\Lib\asyncio\runners.py", line 118, in run
    return self._loop.run_until_complete(task)
           ^^^^^^^^^^^^^^^^^^^^^^^^^^^^^^^^^^^
  File "C:\Python312\Lib\asyncio\base_events.py", line 687, in 
run_until_complete
    return future.result()
           ^^^^^^^^^^^^^^^
  File "C:\Python312\Lib\site-packages\uvicorn\server.py", 
line 71, in serve
    await self._serve(sockets)
  File "C:\Python312\Lib\site-packages\uvicorn\server.py", 
line 78, in _serve
    config.load()
  File "C:\Python312\Lib\site-packages\uvicorn\config.py", 
line 439, in load
    self.loaded_app = import_from_string(self.app)
                      ^^^^^^^^^^^^^^^^^^^^^^^^^^^^
  File "C:\Python312\Lib\site-packages\uvicorn\importer.py", 
line 19, in import_from_string
    module = importlib.import_module(module_str)
             ^^^^^^^^^^^^^^^^^^^^^^^^^^^^^^^^^^^
  File "C:\Python312\Lib\importlib\__init__.py", line 90, in 
import_module
    return _bootstrap._gcd_import(name[level:], package, level)
           ^^^^^^^^^^^^^^^^^^^^^^^^^^^^^^^^^^^^^^^^^^^^^^^^^^^^
  File "<frozen importlib._bootstrap>", line 1387, in 
_gcd_import
  File "<frozen importlib._bootstrap>", line 1360, in 
_find_and_load
  File "<frozen importlib._bootstrap>", line 1331, in 
_find_and_load_unlocked
  File "<frozen importlib._bootstrap>", line 935, in 
_load_unlocked
  File "<frozen importlib._bootstrap_external>", line 995, in 
exec_module
  File "<frozen importlib._bootstrap>", line 488, in 
_call_with_frames_removed
  File "C:\Users\user\Desktop\Tinsur.AI\backend\app\main.py", 
line 111, in <module>
    from app.api.v1.router import api_router
  File "C:\Users\user\Desktop\Tinsur.AI\backend\app\api\v1\rout
er.py", line 6, in <module>
    from app.api.v1.endpoints import (
  File "C:\Users\user\Desktop\Tinsur.AI\backend\app\api\v1\endp
oints\translations.py", line 4, in <module>
    from app.api import deps
ImportError: cannot import name 'deps' from 'app.api' 
(C:\Users\user\Desktop\Tinsur.AI\backend\app\api\__init__.py)
DB_URL=sqlite:///./insurance.db
